Microchip MPLAB XC8 Compiler V2.32

Linker command line:

-W-3 --edf=C:\Program Files\Microchip\xc8\v2.32\pic\dat\en_msgs.txt -cn \
  -h+dist/default/production\Test.X.production.sym \
  --cmf=dist/default/production\Test.X.production.cmf -z -Q18F24K22 \
  -oC:\Users\srubi\AppData\Local\Temp\xcAs71o.4 --defsym=__MPLAB_BUILD=1 \
  -Mdist/default/production/Test.X.production.map -E1 -ver=XC8 Compiler \
  --acfsm=1493 -ASTACK=060h-02FFh -pstack=STACK -ACODE=00h-03FFFh \
  -ACONST=00h-03FFFh -ASMALLCONST=0300h-03FFhx61 -AMEDIUMCONST=0300h-03FFFh \
  -ACOMRAM=01h-05Fh -AABS1=00h-02FFh -ABIGRAM=01h-02FFh \
  -ARAM=060h-0FFh,0100h-01FFhx2 -ABANK0=060h-0FFh -ABANK1=0100h-01FFh \
  -ABANK2=0200h-02FFh -ASFR=0F38h-0F5Fh,0F60h-0FFFh \
  -ACONFIG=0300000h-030000Dh -AIDLOC=0200000h-0200007h \
  -AEEDATA=0F00000h-0F000FFh -peeprom_data=EEDATA \
  -preset_vec=00h,intcode,intcodelo,powerup,init -pramtop=0300h \
  -psmallconst=SMALLCONST -pmediumconst=MEDIUMCONST -pconst=CONST \
  -AFARRAM=00h-00h \
  -prdata=COMRAM,nvrram=COMRAM,nvbit=COMRAM,rbss=COMRAM,rbit=COMRAM \
  -pfarbss=FARRAM,fardata=FARRAM,nvFARRAM=FARRAM \
  -pintsave_regs=BIGRAM,bigbss=BIGRAM,bigdata=BIGRAM -pbss=RAM \
  -pidata=CODE,irdata=CODE,ibigdata=CODE,ifardata=CODE -prparam=COMRAM \
  C:\Users\srubi\AppData\Local\Temp\xcAs71o.o \
  dist/default/production\Test.X.production.o 

Object code version is 3.11

Machine type is 18F24K22



                Name                               Link     Load   Length Selector   Space Scale
C:\Users\srubi\AppData\Local\Temp\xcAs71o.o
                idloc                            200000   200000        8        0       5
                config                           300000   300000        E        0       4
                init                                  0        0        4        0       0
dist/default/production\Test.X.production.o
                idloc                            200000   200000        8        0       5
                config                           300000   300000        E        0       4
                text16                             2F2A     2F2A       3A     1795       0
                text15                             2EC6     2EC6       32     1763       0
                text14                             2EF8     2EF8       32     177C       0
                text13                             2E6A     2E6A       16     1735       0
                text12                             2E18     2E18        E     170C       0
                text11                             2E9A     2E9A       2C     174D       0
                text10                             2E42     2E42       14     1721       0
                text9                              2E56     2E56       14     172B       0
                text8                              2E26     2E26        E     1713       0
                text7                              2E80     2E80       1A     1740       0
                text6                              2FAA     2FAA      104     17D5       0
                text5                              3716     3716      42A     1B8B       0
                text4                              3B40     3B40      4C0     1DA0       0
                text3                              2F64     2F64       46     17B2       0
                text2                              30AE     30AE      106     1857       0
                text1                              31B4     31B4      1B4     18DA       0
                text0                              3368     3368      3AE     19B4       0
                cstackCOMRAM                          1        1       5D        1       1
                bssCOMRAM                            5E       5E        2        1       1
                cinit                              2E34     2E34        E     171A       0

TOTAL           Name                               Link     Load   Length     Space
        CLASS   STACK          

        CLASS   CODE           
                init                                  0        0        4         0
                text16                             2F2A     2F2A       3A         0
                text15                             2EC6     2EC6       32         0
                text14                             2EF8     2EF8       32         0
                text13                             2E6A     2E6A       16         0
                text12                             2E18     2E18        E         0
                text11                             2E9A     2E9A       2C         0
                text10                             2E42     2E42       14         0
                text9                              2E56     2E56       14         0
                text8                              2E26     2E26        E         0
                text7                              2E80     2E80       1A         0
                text6                              2FAA     2FAA      104         0
                text5                              3716     3716      42A         0
                text4                              3B40     3B40      4C0         0
                text3                              2F64     2F64       46         0
                text2                              30AE     30AE      106         0
                text1                              31B4     31B4      1B4         0
                text0                              3368     3368      3AE         0
                cinit                              2E34     2E34        E         0

        CLASS   CONST          

        CLASS   SMALLCONST     

        CLASS   MEDIUMCONST    

        CLASS   COMRAM         
                cstackCOMRAM                          1        1       5D         1
                bssCOMRAM                            5E       5E        2         1

        CLASS   ABS1           

        CLASS   BIGRAM         

        CLASS   RAM            

        CLASS   BANK0          

        CLASS   BANK1          

        CLASS   BANK2          

        CLASS   SFR            

        CLASS   CONFIG         
                config                           300000   300000        E         4

        CLASS   IDLOC          
                idloc                            200000   200000        8         5

        CLASS   EEDATA         

        CLASS   FARRAM         



SEGMENTS        Name                           Load    Length   Top    Selector   Space  Class

                reset_vec                      000000  000004  000004         0       0  CODE    
                cstackCOMRAM                   000001  00005F  000060         1       1  COMRAM  
                text12                         002E18  00000E  002E26      170C       0  CODE    
                text8                          002E26  00000E  002E34      1713       0  CODE    
                cinit                          002E34  00000E  002E42      171A       0  CODE    
                text10                         002E42  000014  002E56      1721       0  CODE    
                text9                          002E56  000014  002E6A      172B       0  CODE    
                text13                         002E6A  000016  002E80      1735       0  CODE    
                text7                          002E80  00001A  002E9A      1740       0  CODE    
                text11                         002E9A  00002C  002EC6      174D       0  CODE    
                text15                         002EC6  000032  002EF8      1763       0  CODE    
                text14                         002EF8  000032  002F2A      177C       0  CODE    
                text16                         002F2A  00003A  002F64      1795       0  CODE    
                text3                          002F64  000046  002FAA      17B2       0  CODE    
                text6                          002FAA  000104  0030AE      17D5       0  CODE    
                text2                          0030AE  000106  0031B4      1857       0  CODE    
                text1                          0031B4  0001B4  003368      18DA       0  CODE    
                text0                          003368  0003AE  003716      19B4       0  CODE    
                text5                          003716  00042A  003B40      1B8B       0  CODE    
                text4                          003B40  0004C0  004000      1DA0       0  CODE    


UNUSED ADDRESS RANGES

        Name                Unused          Largest block    Delta
        BANK0            000060-0000FF               A0
        BANK1            000100-0001FF              100
        BANK2            000200-0002FF              100
        BIGRAM           000060-0002FF              2A0
        CODE             000004-002E17             2E14
        CONST            000004-002E17             2E14
        EEDATA           F00000-F000FF              100
        MEDIUMCONST      000300-002E17             2B18
        RAM              000060-0002FF              100
        SFR              000F38-000FFF               28
        SMALLCONST       000300-002E17              100
        STACK            000060-0002FF              2A0

                                  Symbol Table

?_ADC_GetConversion              cstackCOMRAM 000001
?___fladd                        cstackCOMRAM 00002D
?___flmul                        cstackCOMRAM 000014
?___flsub                        cstackCOMRAM 00003D
?___fltol                        cstackCOMRAM 000045
?___xxtofl                       cstackCOMRAM 000006
ADC_GetConversion@channel        cstackCOMRAM 000005
PWM4_LoadDutyValue@dutyValue     cstackCOMRAM 000001
PWM5_LoadDutyValue@dutyValue     cstackCOMRAM 000001
_ADCON0                          (abs)        000FC2
_ADCON0bits                      (abs)        000FC2
_ADCON1                          (abs)        000FC1
_ADCON2                          (abs)        000FC0
_ADC_GetConversion               text16       002F2A
_ADC_Initialize                  text13       002E6A
_ADC_InterruptHandler            bssCOMRAM    00005E
_ADRESH                          (abs)        000FC4
_ADRESL                          (abs)        000FC3
_ANSELA                          (abs)        000F38
_ANSELB                          (abs)        000F39
_ANSELC                          (abs)        000F3A
_CCP4CON                         (abs)        000F57
_CCP5CON                         (abs)        000F54
_CCPR4H                          (abs)        000F59
_CCPR4L                          (abs)        000F58
_CCPR5H                          (abs)        000F56
_CCPR5L                          (abs)        000F55
_CCPTMRS1bits                    (abs)        000F48
_INTCON2bits                     (abs)        000FF1
_INTCONbits                      (abs)        000FF2
_LATA                            (abs)        000F89
_LATB                            (abs)        000F8A
_LATC                            (abs)        000F8B
_OSCCON                          (abs)        000FD3
_OSCCON2                         (abs)        000FD2
_OSCILLATOR_Initialize           text12       002E18
_OSCTUNE                         (abs)        000F9B
_PIN_MANAGER_Initialize          text11       002E9A
_PIR1bits                        (abs)        000F9E
_PR2                             (abs)        000FBB
_PWM4_Initialize                 text10       002E42
_PWM4_LoadDutyValue              text15       002EC6
_PWM5_Initialize                 text9        002E56
_PWM5_LoadDutyValue              text14       002EF8
_SYSTEM_Initialize               text7        002E80
_T2CON                           (abs)        000FBA
_T2CONbits                       (abs)        000FBA
_TMR2                            (abs)        000FBC
_TMR2_Initialize                 text8        002E26
_TRISA                           (abs)        000F92
_TRISB                           (abs)        000F93
_TRISC                           (abs)        000F94
_WPUB                            (abs)        000F61
__HRAM                           (abs)        000000
__Habs1                          abs1         000000
__Hbank0                         bank0        000000
__Hbank1                         bank1        000000
__Hbank2                         bank2        000000
__Hbigbss                        bigbss       000000
__Hbigdata                       bigdata      000000
__Hbigram                        bigram       000000
__Hbss                           bss          000000
__HbssCOMRAM                     bssCOMRAM    000000
__Hcinit                         cinit        000000
__Hclrtext                       clrtext      000000
__Hcomram                        comram       000000
__Hconfig                        config       30000E
__Hconst                         const        000000
__HcstackCOMRAM                  cstackCOMRAM 000000
__Hdata                          data         000000
__Heeprom_data                   eeprom_data  000000
__Hfarbss                        farbss       000000
__Hfardata                       fardata      000000
__Hibigdata                      ibigdata     000000
__Hidata                         idata        000000
__Hidloc                         idloc        200008
__Hifardata                      ifardata     000000
__Hinit                          init         000004
__Hintcode                       intcode      000000
__Hintcode_body                  intcode_body 000000
__Hintcodelo                     intcodelo    000000
__Hintentry                      intentry     000000
__Hintret                        intret       000000
__Hintsave_regs                  intsave_regs 000000
__Hirdata                        irdata       000000
__Hmediumconst                   mediumconst  000000
__HnvFARRAM                      nvFARRAM     000000
__Hnvbit                         nvbit        000000
__Hnvrram                        nvrram       000000
__Hparam                         rparam       000000
__Hpowerup                       powerup      000000
__Hram                           ram          000000
__Hramtop                        ramtop       000300
__Hrbit                          rbit         000000
__Hrbss                          rbss         000000
__Hrdata                         rdata        000000
__Hreset_vec                     reset_vec    000000
__Hrparam                        rparam       000000
__Hsfr                           sfr          000000
__Hsmallconst                    smallconst   000000
__Hspace_0                       (abs)        004000
__Hspace_1                       (abs)        000060
__Hspace_2                       (abs)        000000
__Hspace_4                       (abs)        60000E
__Hstack                         stack        000000
__Hstruct                        struct       000000
__Htemp                          temp         000000
__Htext                          text         000000
__Htext0                         text0        000000
__Htext1                         text1        000000
__Htext10                        text10       000000
__Htext11                        text11       000000
__Htext12                        text12       000000
__Htext13                        text13       000000
__Htext14                        text14       000000
__Htext15                        text15       000000
__Htext16                        text16       000000
__Htext2                         text2        000000
__Htext3                         text3        000000
__Htext4                         text4        000000
__Htext5                         text5        000000
__Htext6                         text6        000000
__Htext7                         text7        000000
__Htext8                         text8        000000
__Htext9                         text9        000000
__LRAM                           (abs)        000001
__Labs1                          abs1         000000
__Lbank0                         bank0        000000
__Lbank1                         bank1        000000
__Lbank2                         bank2        000000
__Lbigbss                        bigbss       000000
__Lbigdata                       bigdata      000000
__Lbigram                        bigram       000000
__Lbss                           bss          000000
__LbssCOMRAM                     bssCOMRAM    000000
__Lcinit                         cinit        000000
__Lclrtext                       clrtext      000000
__Lcomram                        comram       000000
__Lconfig                        config       000000
__Lconst                         const        000000
__LcstackCOMRAM                  cstackCOMRAM 000000
__Ldata                          data         000000
__Leeprom_data                   eeprom_data  000000
__Lfarbss                        farbss       000000
__Lfardata                       fardata      000000
__Libigdata                      ibigdata     000000
__Lidata                         idata        000000
__Lidloc                         idloc        000000
__Lifardata                      ifardata     000000
__Linit                          init         000000
__Lintcode                       intcode      000000
__Lintcode_body                  intcode_body 000000
__Lintcodelo                     intcodelo    000000
__Lintentry                      intentry     000000
__Lintret                        intret       000000
__Lintsave_regs                  intsave_regs 000000
__Lirdata                        irdata       000000
__Lmediumconst                   mediumconst  000000
__LnvFARRAM                      nvFARRAM     000000
__Lnvbit                         nvbit        000000
__Lnvrram                        nvrram       000000
__Lparam                         rparam       000000
__Lpowerup                       powerup      000000
__Lram                           ram          000000
__Lramtop                        ramtop       000300
__Lrbit                          rbit         000000
__Lrbss                          rbss         000000
__Lrdata                         rdata        000000
__Lreset_vec                     reset_vec    000000
__Lrparam                        rparam       000000
__Lsfr                           sfr          000000
__Lsmallconst                    smallconst   000000
__Lspace_0                       (abs)        000000
__Lspace_1                       (abs)        000000
__Lspace_2                       (abs)        000000
__Lspace_4                       (abs)        000000
__Lstack                         stack        000000
__Lstruct                        struct       000000
__Ltemp                          temp         000000
__Ltext                          text         000000
__Ltext0                         text0        000000
__Ltext1                         text1        000000
__Ltext10                        text10       000000
__Ltext11                        text11       000000
__Ltext12                        text12       000000
__Ltext13                        text13       000000
__Ltext14                        text14       000000
__Ltext15                        text15       000000
__Ltext16                        text16       000000
__Ltext2                         text2        000000
__Ltext3                         text3        000000
__Ltext4                         text4        000000
__Ltext5                         text5        000000
__Ltext6                         text6        000000
__Ltext7                         text7        000000
__Ltext8                         text8        000000
__Ltext9                         text9        000000
__S0                             (abs)        004000
__S1                             (abs)        000060
__S2                             (abs)        000000
__S4                             (abs)        000000
__S5                             (abs)        000000
___fladd                         text4        003B40
___fladd@a                       cstackCOMRAM 000031
___fladd@aexp                    cstackCOMRAM 00003A
___fladd@b                       cstackCOMRAM 00002D
___fladd@bexp                    cstackCOMRAM 00003B
___fladd@grs                     cstackCOMRAM 00003C
___fladd@signs                   cstackCOMRAM 000039
___flge                          text6        002FAA
___flge@ff1                      cstackCOMRAM 000014
___flge@ff2                      cstackCOMRAM 000018
___flmul                         text5        003716
___flmul@a                       cstackCOMRAM 000018
___flmul@aexp                    cstackCOMRAM 000025
___flmul@b                       cstackCOMRAM 000014
___flmul@bexp                    cstackCOMRAM 000026
___flmul@grs                     cstackCOMRAM 000021
___flmul@prod                    cstackCOMRAM 000027
___flmul@sign                    cstackCOMRAM 000020
___flmul@temp                    cstackCOMRAM 00002B
___flsub                         text3        002F64
___flsub@a                       cstackCOMRAM 000041
___flsub@b                       cstackCOMRAM 00003D
___fltol                         text2        0030AE
___fltol@exp1                    cstackCOMRAM 00004E
___fltol@f1                      cstackCOMRAM 000045
___fltol@sign1                   cstackCOMRAM 00004D
___inthi_sp                      stack        000000
___intlo_sp                      stack        000000
___param_bank                    (abs)        000000
___rparam_used                   (abs)        000001
___sp                            stack        000000
___xxtofl                        text1        0031B4
___xxtofl@arg                    cstackCOMRAM 000010
___xxtofl@exp                    cstackCOMRAM 00000F
___xxtofl@sign                   cstackCOMRAM 00000E
___xxtofl@val                    cstackCOMRAM 000006
__accesstop                      (abs)        000060
__activetblptr                   (abs)        000002
__end_of_ADC_GetConversion       text16       002F64
__end_of_ADC_Initialize          text13       002E80
__end_of_OSCILLATOR_Initialize   text12       002E26
__end_of_PIN_MANAGER_Initialize  text11       002EC6
__end_of_PWM4_Initialize         text10       002E56
__end_of_PWM4_LoadDutyValue      text15       002EF8
__end_of_PWM5_Initialize         text9        002E6A
__end_of_PWM5_LoadDutyValue      text14       002F2A
__end_of_SYSTEM_Initialize       text7        002E9A
__end_of_TMR2_Initialize         text8        002E34
__end_of___fladd                 text4        004000
__end_of___flge                  text6        0030AE
__end_of___flmul                 text5        003B40
__end_of___flsub                 text3        002FAA
__end_of___fltol                 text2        0031B4
__end_of___xxtofl                text1        003368
__end_of__initialization         cinit        002E38
__end_of_main                    text0        003716
__initialization                 cinit        002E34
__mediumconst                    mediumconst  000000
__pbssCOMRAM                     bssCOMRAM    00005E
__pcinit                         cinit        002E34
__pcstackCOMRAM                  cstackCOMRAM 000001
__ptext0                         text0        003368
__ptext1                         text1        0031B4
__ptext10                        text10       002E42
__ptext11                        text11       002E9A
__ptext12                        text12       002E18
__ptext13                        text13       002E6A
__ptext14                        text14       002EF8
__ptext15                        text15       002EC6
__ptext16                        text16       002F2A
__ptext2                         text2        0030AE
__ptext3                         text3        002F64
__ptext4                         text4        003B40
__ptext5                         text5        003716
__ptext6                         text6        002FAA
__ptext7                         text7        002E80
__ptext8                         text8        002E26
__ptext9                         text9        002E56
__ramtop                         ramtop       000300
__size_of_ADC_GetConversion      (abs)        000000
__size_of_ADC_Initialize         (abs)        000000
__size_of_OSCILLATOR_Initialize  (abs)        000000
__size_of_PIN_MANAGER_Initialize (abs)        000000
__size_of_PWM4_Initialize        (abs)        000000
__size_of_PWM4_LoadDutyValue     (abs)        000000
__size_of_PWM5_Initialize        (abs)        000000
__size_of_PWM5_LoadDutyValue     (abs)        000000
__size_of_SYSTEM_Initialize      (abs)        000000
__size_of_TMR2_Initialize        (abs)        000000
__size_of___fladd                (abs)        000000
__size_of___flge                 (abs)        000000
__size_of___flmul                (abs)        000000
__size_of___flsub                (abs)        000000
__size_of___fltol                (abs)        000000
__size_of___xxtofl               (abs)        000000
__size_of_main                   (abs)        000000
__smallconst                     smallconst   000000
_main                            text0        003368
end_of_initialization            cinit        002E38
intlevel0                        text         000000
intlevel1                        text         000000
intlevel2                        text         000000
intlevel3                        text         000000
isa$std                          (abs)        000001
isa$xinst                        (abs)        000000
main@bat_lvl                     cstackCOMRAM 00005C
main@i                           cstackCOMRAM 000058
main@i_410                       cstackCOMRAM 00005A
main@k                           cstackCOMRAM 000054
main@led_g                       cstackCOMRAM 000050
main@led_r                       cstackCOMRAM 000052
stackhi                          (abs)        0002FF
stacklo                          (abs)        000060
start                            init         000000
start_initialization             cinit        002E34


MODULE INFORMATION

Module		Function		Class		Link	Load	Size
C:\Program Files\Microchip\xc8\v2.32\pic\sources\c99\common\sprcadd.c
		___flsub       		CODE           	2F64	0000	70
		___fladd       		CODE           	3B40	0000	1216

C:\Program Files\Microchip\xc8\v2.32\pic\sources\c99\common\sprcadd.c estimated size: 1286

mcc_generated_files/pwm4.c
		_PWM4_Initialize		CODE           	2E42	0000	20
		_PWM4_LoadDutyValue		CODE           	2EC6	0000	50

mcc_generated_files/pwm4.c estimated size: 70

mcc_generated_files/tmr2.c
		_TMR2_Initialize		CODE           	2E26	0000	14

mcc_generated_files/tmr2.c estimated size: 14

mcc_generated_files/pin_manager.c
		_PIN_MANAGER_Initialize		CODE           	2E9A	0000	44

mcc_generated_files/pin_manager.c estimated size: 44

mcc_generated_files/adc.c
		_ADC_Initialize		CODE           	2E6A	0000	22
		_ADC_GetConversion		CODE           	2F2A	0000	58

mcc_generated_files/adc.c estimated size: 80

shared
		__initialization		CODE           	2E34	0000	4

shared estimated size: 4

C:\Program Files\Microchip\xc8\v2.32\pic\sources\c99\common\sprcmul.c
		___flmul       		CODE           	3716	0000	1066

C:\Program Files\Microchip\xc8\v2.32\pic\sources\c99\common\sprcmul.c estimated size: 1066

mcc_generated_files/pwm5.c
		_PWM5_LoadDutyValue		CODE           	2EF8	0000	50
		_PWM5_Initialize		CODE           	2E56	0000	20

mcc_generated_files/pwm5.c estimated size: 70

mcc_generated_files/mcc.c
		_OSCILLATOR_Initialize		CODE           	2E18	0000	14
		_SYSTEM_Initialize		CODE           	2E80	0000	26

mcc_generated_files/mcc.c estimated size: 40

C:\Program Files\Microchip\xc8\v2.32\pic\sources\c99\common\fltol.c
		___fltol       		CODE           	30AE	0000	262

C:\Program Files\Microchip\xc8\v2.32\pic\sources\c99\common\fltol.c estimated size: 262

C:\Program Files\Microchip\xc8\v2.32\pic\sources\c99\common\xxtofl.c
		___xxtofl      		CODE           	31B4	0000	436

C:\Program Files\Microchip\xc8\v2.32\pic\sources\c99\common\xxtofl.c estimated size: 436

main.c
		_main          		CODE           	3368	0000	942

main.c estimated size: 942

C:\Program Files\Microchip\xc8\v2.32\pic\sources\c99\common\flge.c
		___flge        		CODE           	2FAA	0000	260

C:\Program Files\Microchip\xc8\v2.32\pic\sources\c99\common\flge.c estimated size: 260

